// Jest Snapshot v1, https://goo.gl/fbAQLP

exports[`queryInputElementInside throws an error when not HTMLElement is passed 1`] = `"el.querySelector is not a function"`;
